---
http_interactions:
- request:
    method: get
    uri: https://api.flickr.com/services/rest/?api_key=a7ab1a4164e9792dec1c1add83f76007&format=json&method=flickr.photos.search&tags=denver,co
    body:
      encoding: US-ASCII
      string: ''
    headers:
      User-Agent:
      - Faraday v0.17.0
      Accept-Encoding:
      - gzip;q=1.0,deflate;q=0.6,identity;q=0.3
      Accept:
      - "*/*"
  response:
    status:
      code: 200
      message: OK
    headers:
      Content-Type:
      - text/javascript; charset=utf-8
      Transfer-Encoding:
      - chunked
      Connection:
      - keep-alive
      Date:
      - Wed, 06 Nov 2019 00:03:43 GMT
      Server:
      - Apache/2.4.41 (Ubuntu)
      X-Content-Type-Options:
      - nosniff
      X-Frame-Options:
      - SAMEORIGIN
      X-Cache:
      - Miss from cloudfront
      Via:
      - 1.1 1e5c934b70471a41d2b61ae8c4abeb79.cloudfront.net (CloudFront)
      X-Amz-Cf-Pop:
      - DEN50-C2
      X-Amz-Cf-Id:
      - FmACrLSM1FMw_7hsmb2omEOsrSZQizxZdTN-fEzhceYDOCoVxreGfA==
    body:
      encoding: UTF-8
      string: 'jsonFlickrApi({"photos":{"page":1,"pages":9141,"perpage":100,"total":"914097","photo":[{"id":"49021265996","owner":"17017714@N04","secret":"dcaf934562","server":"65535","farm":66,"title":"Hang
        in there!","ispublic":1,"isfriend":0,"isfamily":0},{"id":"49020742338","owner":"17017714@N04","secret":"e92805e11d","server":"65535","farm":66,"title":"Hang
        in there!","ispublic":1,"isfriend":0,"isfamily":0},{"id":"49020741683","owner":"17017714@N04","secret":"a63e7eb479","server":"65535","farm":66,"title":"Hang
        in there!","ispublic":1,"isfriend":0,"isfamily":0},{"id":"49020741273","owner":"144643761@N08","secret":"6a1fea5e89","server":"65535","farm":66,"title":"Bucket
        o\u2019 Salt in Denver. #","ispublic":1,"isfriend":0,"isfamily":0},{"id":"49021178216","owner":"32145601@N05","secret":"303dc66fac","server":"65535","farm":66,"title":"Joe
        Shetterly''s Vans RV-8 s\/n 80733, N76540, Telluride Festival of Cars and
        Colors airshow, Telluride airport, 28 September 2019.","ispublic":1,"isfriend":0,"isfamily":0},{"id":"49021379357","owner":"32145601@N05","secret":"622b670795","server":"65535","farm":66,"title":"Vans
        RV-8 N76540","ispublic":1,"isfriend":0,"isfamily":0},{"id":"49020545298","owner":"32145601@N05","secret":"28b2e8392a","server":"65535","farm":66,"title":"1967
        Shelby Mustang GT 500","ispublic":1,"isfriend":0,"isfamily":0},{"id":"49020402523","owner":"83067426@N02","secret":"9da11690f3","server":"65535","farm":66,"title":"Oldsmobile
        Club Coup\u00e9* 1949 (0162)","ispublic":1,"isfriend":0,"isfamily":0},{"id":"49019649576","owner":"75372896@N00","secret":"18152dc1cc","server":"65535","farm":66,"title":"Cymbidium
        Unknown [c\/o Karen] hybrid orchid 10-19","ispublic":1,"isfriend":0,"isfamily":0},{"id":"49019457281","owner":"33215734@N04","secret":"4d0e6275cf","server":"65535","farm":66,"title":"New
        York Sour","ispublic":1,"isfriend":0,"isfamily":0},{"id":"49019284181","owner":"17017714@N04","secret":"3974f7ffed","server":"65535","farm":66,"title":"The
        Hearse Parade","ispublic":1,"isfriend":0,"isfamily":0},{"id":"49019480827","owner":"17017714@N04","secret":"5ac8da730f","server":"65535","farm":66,"title":"The
        Hearse Parade","ispublic":1,"isfriend":0,"isfamily":0},{"id":"49019282866","owner":"17017714@N04","secret":"7bd3f05176","server":"65535","farm":66,"title":"The
        Hearse Parade","ispublic":1,"isfriend":0,"isfamily":0},{"id":"49019479412","owner":"17017714@N04","secret":"515ff1e8e6","server":"65535","farm":66,"title":"The
        Hearse Parade","ispublic":1,"isfriend":0,"isfamily":0},{"id":"49018753833","owner":"28327815@N08","secret":"e1924b4fe2","server":"65535","farm":66,"title":"The
        Big Meadow","ispublic":1,"isfriend":0,"isfamily":0},{"id":"49018749943","owner":"32145601@N05","secret":"7d08c1f7bf","server":"65535","farm":66,"title":"1969
        Shelby GT 500","ispublic":1,"isfriend":0,"isfamily":0},{"id":"49018749863","owner":"32145601@N05","secret":"a6bb3fb40f","server":"65535","farm":66,"title":"2013
        Shelby GT 500","ispublic":1,"isfriend":0,"isfamily":0},{"id":"49019471632","owner":"32145601@N05","secret":"2d92a67eab","server":"65535","farm":66,"title":"2016
        Shelby GT 350","ispublic":1,"isfriend":0,"isfamily":0},{"id":"49019274536","owner":"32145601@N05","secret":"a11ec089ed","server":"65535","farm":66,"title":"2017
        Shelby GT 350","ispublic":1,"isfriend":0,"isfamily":0},{"id":"49018749638","owner":"32145601@N05","secret":"a69bec5403","server":"65535","farm":66,"title":"2018
        Shelby GT 350","ispublic":1,"isfriend":0,"isfamily":0},{"id":"49018749548","owner":"32145601@N05","secret":"1a61f1d2f5","server":"65535","farm":66,"title":"2007
        Shelby GT 500","ispublic":1,"isfriend":0,"isfamily":0},{"id":"49018749478","owner":"32145601@N05","secret":"22dee534fb","server":"65535","farm":66,"title":"1965
        Shelby GT 350","ispublic":1,"isfriend":0,"isfamily":0},{"id":"49019215691","owner":"151483626@N05","secret":"8a76e70079","server":"65535","farm":66,"title":"Clients
        of Denver Concepts are able to trust this growing firm to deliver excellence
        and operate with integrity.","ispublic":1,"isfriend":0,"isfamily":0},{"id":"49018652048","owner":"42564685@N03","secret":"6dde5ca875","server":"65535","farm":66,"title":"1998
        Metal Universe Precious Metal Gems #3 Ed McCaffrey \/50","ispublic":1,"isfriend":0,"isfamily":0},{"id":"49019496132","owner":"17017714@N04","secret":"6860e20e72","server":"65535","farm":66,"title":"Halloween
        on Broadway","ispublic":1,"isfriend":0,"isfamily":0},{"id":"49019028187","owner":"138798666@N02","secret":"9c160520dc","server":"65535","farm":66,"title":"flatbed
        tow truck Denver","ispublic":1,"isfriend":0,"isfamily":0},{"id":"49018182138","owner":"66944894@N06","secret":"b34409e9ed","server":"65535","farm":66,"title":"Snow
        on Cobweb","ispublic":1,"isfriend":0,"isfamily":0},{"id":"49018585746","owner":"61914949@N00","secret":"06427ff5df","server":"65535","farm":66,"title":"","ispublic":1,"isfriend":0,"isfamily":0},{"id":"49017935143","owner":"45923298@N00","secret":"7516ac4e6e","server":"65535","farm":66,"title":"Manitou
        Springs, CO The Timber Lodge motel sign","ispublic":1,"isfriend":0,"isfamily":0},{"id":"49018456616","owner":"45923298@N00","secret":"1b573c3d45","server":"65535","farm":66,"title":"Manitou
        Springs, CO Mel-Haven Lodge motel sign","ispublic":1,"isfriend":0,"isfamily":0},{"id":"49018657992","owner":"45923298@N00","secret":"b778ddd17e","server":"65535","farm":66,"title":"Manitou
        Springs, CO Ute Trading Post neon sign","ispublic":1,"isfriend":0,"isfamily":0},{"id":"49018456236","owner":"45923298@N00","secret":"36908aebd1","server":"65535","farm":66,"title":"Manitou
        Springs, CO former service station","ispublic":1,"isfriend":0,"isfamily":0},{"id":"49018456006","owner":"45923298@N00","secret":"475d56b4e7","server":"65535","farm":66,"title":"Manitou
        Springs, CO Patsy''s","ispublic":1,"isfriend":0,"isfamily":0},{"id":"49018455856","owner":"45923298@N00","secret":"0e3527dbd5","server":"65535","farm":66,"title":"Manitou
        Springs, CO Second Empire building","ispublic":1,"isfriend":0,"isfamily":0},{"id":"49018656987","owner":"45923298@N00","secret":"b7c3deba55","server":"65535","farm":66,"title":"Manitou
        Springs, CO Arcade neon sign","ispublic":1,"isfriend":0,"isfamily":0},{"id":"49017765801","owner":"66944894@N06","secret":"29e90f0b94","server":"65535","farm":66,"title":"Western
        Sports","ispublic":1,"isfriend":0,"isfamily":0},{"id":"49016931483","owner":"146628561@N02","secret":"a8aa377b78","server":"65535","farm":66,"title":"Why
        to Take Part in Yoga Classes? @ https:\/\/tinyurl.com\/yyakdyzm #Yoga #YogaTTC
        #Yogi #YogaTraining","ispublic":1,"isfriend":0,"isfamily":0},{"id":"49017167032","owner":"185285041@N05","secret":"a55a0aa39b","server":"0","farm":0,"title":"Tips
        To Locate A Expert Web Design Company","ispublic":1,"isfriend":0,"isfamily":0},{"id":"49017117372","owner":"39836272@N07","secret":"f9a7fbdb14","server":"65535","farm":66,"title":"Climbing
        Raton Pass","ispublic":1,"isfriend":0,"isfamily":0},{"id":"49017068282","owner":"45923298@N00","secret":"435dfb6ce5","server":"65535","farm":66,"title":"Trinidad,
        CO Mantelli''s","ispublic":1,"isfriend":0,"isfamily":0},{"id":"49017067462","owner":"45923298@N00","secret":"011b719d9e","server":"65535","farm":66,"title":"Trinidad,
        CO Mantelli''s","ispublic":1,"isfriend":0,"isfamily":0},{"id":"49016991282","owner":"135433950@N06","secret":"77dfd59759","server":"65535","farm":66,"title":"smart
        switchable glass, PDLC film, smart lcd film, privacy glass, intelligent glass,
        magic glass,","ispublic":1,"isfriend":0,"isfamily":0},{"id":"49016673266","owner":"143787765@N02","secret":"d458f5c511","server":"65535","farm":66,"title":"Sunset
        peeking under a layer of clouds and reflecting off another. 7-4-19, near Westminster
        Station from Denver, Colorado.  ~ ~ ~ ~ ~  #Pixel2XL F\/1.8 4mm 1\/1064s ISO-52
        #sunset #clouds #WestminsterStation #Denver #Colorado #oooShiny #oooShinyPhotos
        #oooS","ispublic":1,"isfriend":0,"isfamily":0},{"id":"49015944623","owner":"33499543@N08","secret":"5ab5ec1203","server":"65535","farm":66,"title":"A-9589","ispublic":1,"isfriend":0,"isfamily":0},{"id":"49016462501","owner":"33499543@N08","secret":"90a65757c2","server":"65535","farm":66,"title":"A-9590","ispublic":1,"isfriend":0,"isfamily":0},{"id":"49016460261","owner":"33499543@N08","secret":"d23e521044","server":"65535","farm":66,"title":"A-9591","ispublic":1,"isfriend":0,"isfamily":0},{"id":"49015939993","owner":"33499543@N08","secret":"44de69c5ff","server":"65535","farm":66,"title":"A-9592","ispublic":1,"isfriend":0,"isfamily":0},{"id":"49016660712","owner":"33499543@N08","secret":"5bb01b9a36","server":"65535","farm":66,"title":"A-9593","ispublic":1,"isfriend":0,"isfamily":0},{"id":"49016454556","owner":"33499543@N08","secret":"029b98eb89","server":"65535","farm":66,"title":"A-9594","ispublic":1,"isfriend":0,"isfamily":0},{"id":"49016657507","owner":"33499543@N08","secret":"298337b6bc","server":"65535","farm":66,"title":"A-9595","ispublic":1,"isfriend":0,"isfamily":0},{"id":"49016451316","owner":"33499543@N08","secret":"16f14fd30c","server":"65535","farm":66,"title":"A-9596","ispublic":1,"isfriend":0,"isfamily":0},{"id":"49015931328","owner":"33499543@N08","secret":"915a18bc9e","server":"65535","farm":66,"title":"A-9597","ispublic":1,"isfriend":0,"isfamily":0},{"id":"49015929963","owner":"33499543@N08","secret":"e7db37f8b5","server":"65535","farm":66,"title":"A-9598","ispublic":1,"isfriend":0,"isfamily":0},{"id":"49016447326","owner":"33499543@N08","secret":"f19412e4fa","server":"65535","farm":66,"title":"A-9599","ispublic":1,"isfriend":0,"isfamily":0},{"id":"49016445901","owner":"33499543@N08","secret":"8e3ebfb269","server":"65535","farm":66,"title":"A-9600","ispublic":1,"isfriend":0,"isfamily":0},{"id":"49016444561","owner":"33499543@N08","secret":"07773e87d7","server":"65535","farm":66,"title":"A-9601","ispublic":1,"isfriend":0,"isfamily":0},{"id":"49015924388","owner":"33499543@N08","secret":"436a247349","server":"65535","farm":66,"title":"A-9602","ispublic":1,"isfriend":0,"isfamily":0},{"id":"49016441841","owner":"33499543@N08","secret":"d28fdf9c04","server":"65535","farm":66,"title":"A-9603","ispublic":1,"isfriend":0,"isfamily":0},{"id":"49016440721","owner":"33499543@N08","secret":"b8dc3d8452","server":"65535","farm":66,"title":"A-9604","ispublic":1,"isfriend":0,"isfamily":0},{"id":"49015919873","owner":"33499543@N08","secret":"738a44bb96","server":"65535","farm":66,"title":"A-9605","ispublic":1,"isfriend":0,"isfamily":0},{"id":"49015918508","owner":"33499543@N08","secret":"597090b5cb","server":"65535","farm":66,"title":"A-9606","ispublic":1,"isfriend":0,"isfamily":0},{"id":"49015917303","owner":"33499543@N08","secret":"c9083f9420","server":"65535","farm":66,"title":"A-9607","ispublic":1,"isfriend":0,"isfamily":0},{"id":"49015916363","owner":"33499543@N08","secret":"a9ea911d62","server":"65535","farm":66,"title":"A-9608","ispublic":1,"isfriend":0,"isfamily":0},{"id":"49016433691","owner":"33499543@N08","secret":"4c63816d7b","server":"65535","farm":66,"title":"A-9609","ispublic":1,"isfriend":0,"isfamily":0},{"id":"49015913118","owner":"33499543@N08","secret":"79ee07455b","server":"65535","farm":66,"title":"A-9610","ispublic":1,"isfriend":0,"isfamily":0},{"id":"49016430686","owner":"33499543@N08","secret":"e181f9d462","server":"65535","farm":66,"title":"A-9611","ispublic":1,"isfriend":0,"isfamily":0},{"id":"49016632597","owner":"33499543@N08","secret":"06b600996d","server":"65535","farm":66,"title":"A-9612","ispublic":1,"isfriend":0,"isfamily":0},{"id":"49016630942","owner":"33499543@N08","secret":"71b34599fc","server":"65535","farm":66,"title":"A-9613","ispublic":1,"isfriend":0,"isfamily":0},{"id":"49016629587","owner":"33499543@N08","secret":"91563a279a","server":"65535","farm":66,"title":"A-9614","ispublic":1,"isfriend":0,"isfamily":0},{"id":"49016628312","owner":"33499543@N08","secret":"9d162a3ec1","server":"65535","farm":66,"title":"A-9615","ispublic":1,"isfriend":0,"isfamily":0},{"id":"49016626722","owner":"33499543@N08","secret":"c41801f908","server":"65535","farm":66,"title":"A-9618","ispublic":1,"isfriend":0,"isfamily":0},{"id":"49016624657","owner":"33499543@N08","secret":"7fb68a91d6","server":"65535","farm":66,"title":"A-9616","ispublic":1,"isfriend":0,"isfamily":0},{"id":"49015900523","owner":"33499543@N08","secret":"bdca554a0f","server":"65535","farm":66,"title":"A-9617","ispublic":1,"isfriend":0,"isfamily":0},{"id":"49015898993","owner":"33499543@N08","secret":"ab03bbd622","server":"65535","farm":66,"title":"A-9619","ispublic":1,"isfriend":0,"isfamily":0},{"id":"49016416136","owner":"33499543@N08","secret":"52be20b61b","server":"65535","farm":66,"title":"A-9620","ispublic":1,"isfriend":0,"isfamily":0},{"id":"49016414831","owner":"33499543@N08","secret":"dd15f0125b","server":"65535","farm":66,"title":"A-9621","ispublic":1,"isfriend":0,"isfamily":0},{"id":"49016616862","owner":"33499543@N08","secret":"29e2203828","server":"65535","farm":66,"title":"A-9622","ispublic":1,"isfriend":0,"isfamily":0},{"id":"49016411866","owner":"33499543@N08","secret":"e2ba5857e1","server":"65535","farm":66,"title":"A-9623","ispublic":1,"isfriend":0,"isfamily":0},{"id":"49016614022","owner":"33499543@N08","secret":"14eb24daf7","server":"65535","farm":66,"title":"A-9624","ispublic":1,"isfriend":0,"isfamily":0},{"id":"49016499887","owner":"41438448@N05","secret":"258c15111d","server":"65535","farm":66,"title":"315\/365\/8","ispublic":1,"isfriend":0,"isfamily":0},{"id":"49015895967","owner":"41864041@N05","secret":"31af07eacf","server":"65535","farm":66,"title":"191102-F-XS730-2001","ispublic":1,"isfriend":0,"isfamily":0},{"id":"49015895367","owner":"41864041@N05","secret":"9292de7e9f","server":"65535","farm":66,"title":"191102-F-XS730-2002","ispublic":1,"isfriend":0,"isfamily":0},{"id":"49015894157","owner":"41864041@N05","secret":"c8a22286da","server":"65535","farm":66,"title":"191102-F-XS730-2003","ispublic":1,"isfriend":0,"isfamily":0},{"id":"49015688666","owner":"41864041@N05","secret":"23147cabc5","server":"65535","farm":66,"title":"191102-F-XS730-2004","ispublic":1,"isfriend":0,"isfamily":0},{"id":"49015892752","owner":"41864041@N05","secret":"ab080cdc17","server":"65535","farm":66,"title":"191102-F-XS730-2005","ispublic":1,"isfriend":0,"isfamily":0},{"id":"49015164668","owner":"41864041@N05","secret":"d4f8ef4338","server":"65535","farm":66,"title":"191102-F-XS730-2006","ispublic":1,"isfriend":0,"isfamily":0},{"id":"49015685321","owner":"41864041@N05","secret":"09dbf98659","server":"65535","farm":66,"title":"191102-F-XS730-2007","ispublic":1,"isfriend":0,"isfamily":0},{"id":"49015889072","owner":"41864041@N05","secret":"5e9cc93faa","server":"65535","farm":66,"title":"191102-F-XS730-2008","ispublic":1,"isfriend":0,"isfamily":0},{"id":"49015888172","owner":"41864041@N05","secret":"d9bdbbd81c","server":"65535","farm":66,"title":"191102-F-XS730-2009","ispublic":1,"isfriend":0,"isfamily":0},{"id":"49015887697","owner":"41864041@N05","secret":"5a8a26b444","server":"65535","farm":66,"title":"191102-F-XS730-2010","ispublic":1,"isfriend":0,"isfamily":0},{"id":"49015681966","owner":"41864041@N05","secret":"e847ed39d4","server":"65535","farm":66,"title":"191102-F-XS730-2011","ispublic":1,"isfriend":0,"isfamily":0},{"id":"49015159303","owner":"41864041@N05","secret":"ecbe6532e2","server":"65535","farm":66,"title":"191102-F-XS730-2012","ispublic":1,"isfriend":0,"isfamily":0},{"id":"49015885647","owner":"41864041@N05","secret":"5e05f75520","server":"65535","farm":66,"title":"191102-F-XS730-2013","ispublic":1,"isfriend":0,"isfamily":0},{"id":"49015884857","owner":"41864041@N05","secret":"d76ec1b0d7","server":"65535","farm":66,"title":"191102-F-XS730-2014","ispublic":1,"isfriend":0,"isfamily":0},{"id":"49015679121","owner":"41864041@N05","secret":"473dec5d69","server":"65535","farm":66,"title":"191102-F-XS730-2015","ispublic":1,"isfriend":0,"isfamily":0},{"id":"49015677816","owner":"41864041@N05","secret":"7d53facb75","server":"65535","farm":66,"title":"191102-F-XS730-2016","ispublic":1,"isfriend":0,"isfamily":0},{"id":"49015881822","owner":"41864041@N05","secret":"519f65241c","server":"65535","farm":66,"title":"191102-F-XS730-2017","ispublic":1,"isfriend":0,"isfamily":0},{"id":"49015676221","owner":"41864041@N05","secret":"6126e5a395","server":"65535","farm":66,"title":"191102-F-XS730-2018","ispublic":1,"isfriend":0,"isfamily":0}]},"stat":"ok"})'
    http_version: 
  recorded_at: Wed, 06 Nov 2019 00:03:44 GMT
- request:
    method: get
    uri: https://api.flickr.com/services/rest/?api_key=a7ab1a4164e9792dec1c1add83f76007&format=json&method=flickr.photos.getInfo&photo_id=49021265996
    body:
      encoding: US-ASCII
      string: ''
    headers:
      User-Agent:
      - Faraday v0.17.0
      Accept-Encoding:
      - gzip;q=1.0,deflate;q=0.6,identity;q=0.3
      Accept:
      - "*/*"
  response:
    status:
      code: 200
      message: OK
    headers:
      Content-Type:
      - text/javascript; charset=utf-8
      Transfer-Encoding:
      - chunked
      Connection:
      - keep-alive
      Vary:
      - Accept-Encoding
      Date:
      - Wed, 06 Nov 2019 00:03:44 GMT
      Server:
      - Apache/2.4.41 (Ubuntu)
      X-Content-Type-Options:
      - nosniff
      X-Frame-Options:
      - SAMEORIGIN
      X-Cache:
      - Miss from cloudfront
      Via:
      - 1.1 29f1da35ce271d2cdc88184ed0c1f86d.cloudfront.net (CloudFront)
      X-Amz-Cf-Pop:
      - DEN50-C2
      X-Amz-Cf-Id:
      - Ix0eC7a-nyrtWC71RAMs_mAztFSD22RGQJd5BayscbhutxOuuou2Iw==
    body:
      encoding: ASCII-8BIT
      string: 'jsonFlickrApi({"photo":{"id":"49021265996","secret":"dcaf934562","server":"65535","farm":66,"dateuploaded":"1572998163","isfavorite":0,"license":"0","safety_level":"0","rotation":0,"owner":{"nsid":"17017714@N04","username":"Web-Betty","realname":"Melissa
        Johnson","location":"Englewood, USA","iconserver":"2031","iconfarm":3,"path_alias":"web-betty"},"title":{"_content":"Hang
        in there!"},"description":{"_content":"\u00a9 Web-Betty: digital heart, analog
        soul"},"visibility":{"ispublic":1,"isfriend":0,"isfamily":0},"dates":{"posted":"1572998163","taken":"2019-10-19
        18:55:23","takengranularity":"0","takenunknown":"0","lastupdate":"1572998246"},"views":"0","editability":{"cancomment":0,"canaddmeta":0},"publiceditability":{"cancomment":1,"canaddmeta":0},"usage":{"candownload":0,"canblog":0,"canprint":0,"canshare":0},"comments":{"_content":"0"},"notes":{"note":[]},"people":{"haspeople":0},"tags":{"tag":[{"id":"16985575-49021265996-720","author":"17017714@N04","authorname":"Web-Betty","raw":"Halloween","_content":"halloween","machine_tag":false},{"id":"16985575-49021265996-10568","author":"17017714@N04","authorname":"Web-Betty","raw":"parade","_content":"parade","machine_tag":false},{"id":"16985575-49021265996-401","author":"17017714@N04","authorname":"Web-Betty","raw":"holiday","_content":"holiday","machine_tag":false},{"id":"16985575-49021265996-9669","author":"17017714@N04","authorname":"Web-Betty","raw":"Denver","_content":"denver","machine_tag":false},{"id":"16985575-49021265996-1729","author":"17017714@N04","authorname":"Web-Betty","raw":"skeleton","_content":"skeleton","machine_tag":false},{"id":"16985575-49021265996-56566","author":"17017714@N04","authorname":"Web-Betty","raw":"hearse","_content":"hearse","machine_tag":false},{"id":"16985575-49021265996-11334","author":"17017714@N04","authorname":"Web-Betty","raw":"spooky","_content":"spooky","machine_tag":false},{"id":"16985575-49021265996-2725","author":"17017714@N04","authorname":"Web-Betty","raw":"scary","_content":"scary","machine_tag":false}]},"urls":{"url":[{"type":"photopage","_content":"https:\/\/www.flickr.com\/photos\/web-betty\/49021265996\/"}]},"media":"photo"},"stat":"ok"})'
    http_version: 
  recorded_at: Wed, 06 Nov 2019 00:03:44 GMT
- request:
    method: get
    uri: https://api.flickr.com/services/rest/?api_key=a7ab1a4164e9792dec1c1add83f76007&format=json&method=flickr.photos.getInfo&photo_id=49020742338
    body:
      encoding: US-ASCII
      string: ''
    headers:
      User-Agent:
      - Faraday v0.17.0
      Accept-Encoding:
      - gzip;q=1.0,deflate;q=0.6,identity;q=0.3
      Accept:
      - "*/*"
  response:
    status:
      code: 200
      message: OK
    headers:
      Content-Type:
      - text/javascript; charset=utf-8
      Transfer-Encoding:
      - chunked
      Connection:
      - keep-alive
      Vary:
      - Accept-Encoding
      Date:
      - Wed, 06 Nov 2019 00:03:44 GMT
      Server:
      - Apache/2.4.41 (Ubuntu)
      X-Content-Type-Options:
      - nosniff
      X-Frame-Options:
      - SAMEORIGIN
      X-Cache:
      - Miss from cloudfront
      Via:
      - 1.1 3ec85dbaae49079b372b8a392a12e9bc.cloudfront.net (CloudFront)
      X-Amz-Cf-Pop:
      - DEN50-C2
      X-Amz-Cf-Id:
      - luMhSufuXyBBbUZyd1Pd3hgXJxt9NEsgRuiuOHEShUqcKD50hd4Y1w==
    body:
      encoding: ASCII-8BIT
      string: 'jsonFlickrApi({"photo":{"id":"49020742338","secret":"e92805e11d","server":"65535","farm":66,"dateuploaded":"1572998148","isfavorite":0,"license":"0","safety_level":"0","rotation":0,"owner":{"nsid":"17017714@N04","username":"Web-Betty","realname":"Melissa
        Johnson","location":"Englewood, USA","iconserver":"2031","iconfarm":3,"path_alias":"web-betty"},"title":{"_content":"Hang
        in there!"},"description":{"_content":"\u00a9 Web-Betty: digital heart, analog
        soul"},"visibility":{"ispublic":1,"isfriend":0,"isfamily":0},"dates":{"posted":"1572998148","taken":"2019-10-19
        18:51:53","takengranularity":"0","takenunknown":"0","lastupdate":"1572998247"},"views":"0","editability":{"cancomment":0,"canaddmeta":0},"publiceditability":{"cancomment":1,"canaddmeta":0},"usage":{"candownload":0,"canblog":0,"canprint":0,"canshare":0},"comments":{"_content":"0"},"notes":{"note":[]},"people":{"haspeople":0},"tags":{"tag":[{"id":"16985575-49020742338-720","author":"17017714@N04","authorname":"Web-Betty","raw":"Halloween","_content":"halloween","machine_tag":false},{"id":"16985575-49020742338-10568","author":"17017714@N04","authorname":"Web-Betty","raw":"parade","_content":"parade","machine_tag":false},{"id":"16985575-49020742338-401","author":"17017714@N04","authorname":"Web-Betty","raw":"holiday","_content":"holiday","machine_tag":false},{"id":"16985575-49020742338-9669","author":"17017714@N04","authorname":"Web-Betty","raw":"Denver","_content":"denver","machine_tag":false},{"id":"16985575-49020742338-1729","author":"17017714@N04","authorname":"Web-Betty","raw":"skeleton","_content":"skeleton","machine_tag":false},{"id":"16985575-49020742338-56566","author":"17017714@N04","authorname":"Web-Betty","raw":"hearse","_content":"hearse","machine_tag":false},{"id":"16985575-49020742338-11334","author":"17017714@N04","authorname":"Web-Betty","raw":"spooky","_content":"spooky","machine_tag":false},{"id":"16985575-49020742338-2725","author":"17017714@N04","authorname":"Web-Betty","raw":"scary","_content":"scary","machine_tag":false}]},"urls":{"url":[{"type":"photopage","_content":"https:\/\/www.flickr.com\/photos\/web-betty\/49020742338\/"}]},"media":"photo"},"stat":"ok"})'
    http_version: 
  recorded_at: Wed, 06 Nov 2019 00:03:44 GMT
- request:
    method: get
    uri: https://api.flickr.com/services/rest/?api_key=a7ab1a4164e9792dec1c1add83f76007&format=json&method=flickr.photos.getInfo&photo_id=49020741683
    body:
      encoding: US-ASCII
      string: ''
    headers:
      User-Agent:
      - Faraday v0.17.0
      Accept-Encoding:
      - gzip;q=1.0,deflate;q=0.6,identity;q=0.3
      Accept:
      - "*/*"
  response:
    status:
      code: 200
      message: OK
    headers:
      Content-Type:
      - text/javascript; charset=utf-8
      Transfer-Encoding:
      - chunked
      Connection:
      - keep-alive
      Vary:
      - Accept-Encoding
      Date:
      - Wed, 06 Nov 2019 00:03:44 GMT
      Server:
      - Apache/2.4.41 (Ubuntu)
      X-Content-Type-Options:
      - nosniff
      X-Frame-Options:
      - SAMEORIGIN
      X-Cache:
      - Miss from cloudfront
      Via:
      - 1.1 264cccdb967e804907074b11d3a83242.cloudfront.net (CloudFront)
      X-Amz-Cf-Pop:
      - DEN50-C2
      X-Amz-Cf-Id:
      - qTfOkowcElNAa4aHO_k9Eop0-fOoIuZ8-Q-5j5QWmjJQ7w88ACyi2g==
    body:
      encoding: ASCII-8BIT
      string: 'jsonFlickrApi({"photo":{"id":"49020741683","secret":"a63e7eb479","server":"65535","farm":66,"dateuploaded":"1572998135","isfavorite":0,"license":"0","safety_level":"0","rotation":0,"owner":{"nsid":"17017714@N04","username":"Web-Betty","realname":"Melissa
        Johnson","location":"Englewood, USA","iconserver":"2031","iconfarm":3,"path_alias":"web-betty"},"title":{"_content":"Hang
        in there!"},"description":{"_content":"\u00a9 Web-Betty: digital heart, analog
        soul"},"visibility":{"ispublic":1,"isfriend":0,"isfamily":0},"dates":{"posted":"1572998135","taken":"2019-10-19
        18:51:45","takengranularity":"0","takenunknown":"0","lastupdate":"1572998248"},"views":"2","editability":{"cancomment":0,"canaddmeta":0},"publiceditability":{"cancomment":1,"canaddmeta":0},"usage":{"candownload":0,"canblog":0,"canprint":0,"canshare":0},"comments":{"_content":"0"},"notes":{"note":[]},"people":{"haspeople":0},"tags":{"tag":[{"id":"16985575-49020741683-720","author":"17017714@N04","authorname":"Web-Betty","raw":"Halloween","_content":"halloween","machine_tag":false},{"id":"16985575-49020741683-10568","author":"17017714@N04","authorname":"Web-Betty","raw":"parade","_content":"parade","machine_tag":false},{"id":"16985575-49020741683-401","author":"17017714@N04","authorname":"Web-Betty","raw":"holiday","_content":"holiday","machine_tag":false},{"id":"16985575-49020741683-9669","author":"17017714@N04","authorname":"Web-Betty","raw":"Denver","_content":"denver","machine_tag":false},{"id":"16985575-49020741683-1729","author":"17017714@N04","authorname":"Web-Betty","raw":"skeleton","_content":"skeleton","machine_tag":false},{"id":"16985575-49020741683-56566","author":"17017714@N04","authorname":"Web-Betty","raw":"hearse","_content":"hearse","machine_tag":false},{"id":"16985575-49020741683-11334","author":"17017714@N04","authorname":"Web-Betty","raw":"spooky","_content":"spooky","machine_tag":false},{"id":"16985575-49020741683-2725","author":"17017714@N04","authorname":"Web-Betty","raw":"scary","_content":"scary","machine_tag":false}]},"urls":{"url":[{"type":"photopage","_content":"https:\/\/www.flickr.com\/photos\/web-betty\/49020741683\/"}]},"media":"photo"},"stat":"ok"})'
    http_version: 
  recorded_at: Wed, 06 Nov 2019 00:03:44 GMT
- request:
    method: get
    uri: https://api.flickr.com/services/rest/?api_key=a7ab1a4164e9792dec1c1add83f76007&format=json&method=flickr.photos.getInfo&photo_id=49020741273
    body:
      encoding: US-ASCII
      string: ''
    headers:
      User-Agent:
      - Faraday v0.17.0
      Accept-Encoding:
      - gzip;q=1.0,deflate;q=0.6,identity;q=0.3
      Accept:
      - "*/*"
  response:
    status:
      code: 200
      message: OK
    headers:
      Content-Type:
      - text/javascript; charset=utf-8
      Transfer-Encoding:
      - chunked
      Connection:
      - keep-alive
      Vary:
      - Accept-Encoding
      Date:
      - Wed, 06 Nov 2019 00:03:44 GMT
      Server:
      - Apache/2.4.41 (Ubuntu)
      X-Content-Type-Options:
      - nosniff
      X-Frame-Options:
      - SAMEORIGIN
      X-Cache:
      - Miss from cloudfront
      Via:
      - 1.1 91f1c114eac2b00f07286bc49dddd7e5.cloudfront.net (CloudFront)
      X-Amz-Cf-Pop:
      - DEN50-C2
      X-Amz-Cf-Id:
      - 9i1n7bNfe6KZMWiGG9BCBJpXYHF6JLciPCX41854bwXDCw3ge4vg1w==
    body:
      encoding: ASCII-8BIT
      string: 'jsonFlickrApi({"photo":{"id":"49020741273","secret":"6a1fea5e89","server":"65535","farm":66,"dateuploaded":"1572998129","isfavorite":0,"license":"0","safety_level":"0","rotation":0,"originalsecret":"12483ec9ae","originalformat":"jpg","owner":{"nsid":"144643761@N08","username":"rockatansky71","realname":"Rob
        Nelson","location":"","iconserver":"1921","iconfarm":2,"path_alias":"robrockatansky"},"title":{"_content":"Bucket
        o\u2019 Salt in Denver. #"},"description":{"_content":""},"visibility":{"ispublic":1,"isfriend":0,"isfamily":0},"dates":{"posted":"1572998129","taken":"2019-11-05
        15:51:39","takengranularity":0,"takenunknown":"1","lastupdate":"1572998278"},"views":"0","editability":{"cancomment":0,"canaddmeta":0},"publiceditability":{"cancomment":1,"canaddmeta":0},"usage":{"candownload":1,"canblog":0,"canprint":0,"canshare":1},"comments":{"_content":"0"},"notes":{"note":[]},"people":{"haspeople":0},"tags":{"tag":[{"id":"144550948-49020741273-3647","author":"144643761@N08","authorname":"rockatansky71","raw":"quiet","_content":"quiet","machine_tag":false},{"id":"144550948-49020741273-463","author":"144643761@N08","authorname":"rockatansky71","raw":"abstract","_content":"abstract","machine_tag":false},{"id":"144550948-49020741273-338","author":"144643761@N08","authorname":"rockatansky71","raw":"food","_content":"food","machine_tag":false},{"id":"144550948-49020741273-358444413","author":"144643761@N08","authorname":"rockatansky71","raw":"Fujixt30","_content":"fujixt30","machine_tag":false},{"id":"144550948-49020741273-48730","author":"144643761@N08","authorname":"rockatansky71","raw":"Fujinon","_content":"fujinon","machine_tag":false},{"id":"144550948-49020741273-20116","author":"144643761@N08","authorname":"rockatansky71","raw":"Fujifilm","_content":"fujifilm","machine_tag":false},{"id":"144550948-49020741273-3720","author":"144643761@N08","authorname":"rockatansky71","raw":"Fuji","_content":"fuji","machine_tag":false},{"id":"144550948-49020741273-293","author":"144643761@N08","authorname":"rockatansky71","raw":"blackandwhite","_content":"blackandwhite","machine_tag":false},{"id":"144550948-49020741273-294","author":"144643761@N08","authorname":"rockatansky71","raw":"bw","_content":"bw","machine_tag":false},{"id":"144550948-49020741273-2597","author":"144643761@N08","authorname":"rockatansky71","raw":"bucket","_content":"bucket","machine_tag":false},{"id":"144550948-49020741273-9669","author":"144643761@N08","authorname":"rockatansky71","raw":"Denver","_content":"denver","machine_tag":false},{"id":"144550948-49020741273-2066","author":"144643761@N08","authorname":"rockatansky71","raw":"restaurant","_content":"restaurant","machine_tag":false},{"id":"144550948-49020741273-7167","author":"144643761@N08","authorname":"rockatansky71","raw":"salt","_content":"salt","machine_tag":false}]},"urls":{"url":[{"type":"photopage","_content":"https:\/\/www.flickr.com\/photos\/robrockatansky\/49020741273\/"}]},"media":"photo"},"stat":"ok"})'
    http_version: 
  recorded_at: Wed, 06 Nov 2019 00:03:45 GMT
- request:
    method: get
    uri: https://api.flickr.com/services/rest/?api_key=a7ab1a4164e9792dec1c1add83f76007&format=json&method=flickr.photos.getInfo&photo_id=49021178216
    body:
      encoding: US-ASCII
      string: ''
    headers:
      User-Agent:
      - Faraday v0.17.0
      Accept-Encoding:
      - gzip;q=1.0,deflate;q=0.6,identity;q=0.3
      Accept:
      - "*/*"
  response:
    status:
      code: 200
      message: OK
    headers:
      Content-Type:
      - text/javascript; charset=utf-8
      Transfer-Encoding:
      - chunked
      Connection:
      - keep-alive
      Vary:
      - Accept-Encoding
      Date:
      - Wed, 06 Nov 2019 00:03:45 GMT
      Server:
      - Apache/2.4.41 (Ubuntu)
      X-Content-Type-Options:
      - nosniff
      X-Frame-Options:
      - SAMEORIGIN
      X-Cache:
      - Miss from cloudfront
      Via:
      - 1.1 a44b9db7a2d103360945ab52619e5016.cloudfront.net (CloudFront)
      X-Amz-Cf-Pop:
      - DEN50-C2
      X-Amz-Cf-Id:
      - MLv6hdJ6dba8f-cpA9HMsDujMZm0j8ln8TkGo2oShFWtCnnQNcJw7Q==
    body:
      encoding: ASCII-8BIT
      string: jsonFlickrApi({"photo":{"id":"49021178216","secret":"303dc66fac","server":"65535","farm":66,"dateuploaded":"1572996639","isfavorite":0,"license":"0","safety_level":"0","rotation":0,"owner":{"nsid":"32145601@N05","username":"skyhawkpc","realname":"G.
        Verver","location":"USA","iconserver":"1693","iconfarm":2,"path_alias":"skyhawkpc"},"title":{"_content":"Joe
        Shetterly's Vans RV-8 s\/n 80733, N76540, Telluride Festival of Cars and Colors
        airshow, Telluride airport, 28 September 2019."},"description":{"_content":"Joe
        Shetterly's Vans RV-8 s\/n 80733, N76540, Telluride Festival of Cars and Colors
        airshow, Telluride airport, 28 September 2019."},"visibility":{"ispublic":1,"isfriend":0,"isfamily":0},"dates":{"posted":"1572996639","taken":"2019-09-28
        21:11:37","takengranularity":"0","takenunknown":"0","lastupdate":"1572996648"},"views":"0","editability":{"cancomment":0,"canaddmeta":0},"publiceditability":{"cancomment":1,"canaddmeta":0},"usage":{"candownload":0,"canblog":0,"canprint":0,"canshare":1},"comments":{"_content":"0"},"notes":{"note":[]},"people":{"haspeople":0},"tags":{"tag":[{"id":"32140261-49021178216-453010","author":"32145601@N05","authorname":"skyhawkpc","raw":"2019","_content":"2019","machine_tag":false},{"id":"32140261-49021178216-21120","author":"32145601@N05","authorname":"skyhawkpc","raw":"Telluride","_content":"telluride","machine_tag":false},{"id":"32140261-49021178216-3157","author":"32145601@N05","authorname":"skyhawkpc","raw":"Colorado","_content":"colorado","machine_tag":false},{"id":"32140261-49021178216-17235","author":"32145601@N05","authorname":"skyhawkpc","raw":"CO","_content":"co","machine_tag":false},{"id":"32140261-49021178216-80327","author":"32145601@N05","authorname":"skyhawkpc","raw":"All
        Rights Reserved","_content":"allrightsreserved","machine_tag":false},{"id":"32140261-49021178216-67131196","author":"32145601@N05","authorname":"skyhawkpc","raw":"Gary
        Verver","_content":"garyverver","machine_tag":false},{"id":"32140261-49021178216-77442028","author":"32145601@N05","authorname":"skyhawkpc","raw":"Cars
        and Colors","_content":"carsandcolors","machine_tag":false},{"id":"32140261-49021178216-11476","author":"32145601@N05","authorname":"skyhawkpc","raw":"TEX","_content":"tex","machine_tag":false},{"id":"32140261-49021178216-5052318","author":"32145601@N05","authorname":"skyhawkpc","raw":"KTEX","_content":"ktex","machine_tag":false},{"id":"32140261-49021178216-20778","author":"32145601@N05","authorname":"skyhawkpc","raw":"Vans","_content":"vans","machine_tag":false},{"id":"32140261-49021178216-328135","author":"32145601@N05","authorname":"skyhawkpc","raw":"RV-8","_content":"rv8","machine_tag":false},{"id":"32140261-49021178216-9082696","author":"32145601@N05","authorname":"skyhawkpc","raw":"80733","_content":"80733","machine_tag":false},{"id":"32140261-49021178216-208342244","author":"32145601@N05","authorname":"skyhawkpc","raw":"N76540","_content":"n76540","machine_tag":false},{"id":"32140261-49021178216-11686","author":"32145601@N05","authorname":"skyhawkpc","raw":"airshow","_content":"airshow","machine_tag":false},{"id":"32140261-49021178216-124177","author":"32145601@N05","authorname":"skyhawkpc","raw":"aerobatic","_content":"aerobatic","machine_tag":false},{"id":"32140261-49021178216-5867","author":"32145601@N05","authorname":"skyhawkpc","raw":"aviation","_content":"aviation","machine_tag":false},{"id":"32140261-49021178216-1649","author":"32145601@N05","authorname":"skyhawkpc","raw":"airplane","_content":"airplane","machine_tag":false},{"id":"32140261-49021178216-5854","author":"32145601@N05","authorname":"skyhawkpc","raw":"aircraft","_content":"aircraft","machine_tag":false}]},"urls":{"url":[{"type":"photopage","_content":"https:\/\/www.flickr.com\/photos\/skyhawkpc\/49021178216\/"}]},"media":"photo"},"stat":"ok"})
    http_version: 
  recorded_at: Wed, 06 Nov 2019 00:03:45 GMT
- request:
    method: get
    uri: https://api.flickr.com/services/rest/?api_key=a7ab1a4164e9792dec1c1add83f76007&format=json&method=flickr.photos.getInfo&photo_id=49021379357
    body:
      encoding: US-ASCII
      string: ''
    headers:
      User-Agent:
      - Faraday v0.17.0
      Accept-Encoding:
      - gzip;q=1.0,deflate;q=0.6,identity;q=0.3
      Accept:
      - "*/*"
  response:
    status:
      code: 200
      message: OK
    headers:
      Content-Type:
      - text/javascript; charset=utf-8
      Transfer-Encoding:
      - chunked
      Connection:
      - keep-alive
      Vary:
      - Accept-Encoding
      Date:
      - Wed, 06 Nov 2019 00:03:45 GMT
      Server:
      - Apache/2.4.41 (Ubuntu)
      X-Content-Type-Options:
      - nosniff
      X-Frame-Options:
      - SAMEORIGIN
      X-Cache:
      - Miss from cloudfront
      Via:
      - 1.1 264cccdb967e804907074b11d3a83242.cloudfront.net (CloudFront)
      X-Amz-Cf-Pop:
      - DEN50-C2
      X-Amz-Cf-Id:
      - tEFiJ1kBNobgD4OWbxP856HWzdr2uBgvNxF0C-barQawJQvJXu-uGg==
    body:
      encoding: ASCII-8BIT
      string: jsonFlickrApi({"photo":{"id":"49021379357","secret":"622b670795","server":"65535","farm":66,"dateuploaded":"1572996639","isfavorite":0,"license":"0","safety_level":"0","rotation":0,"owner":{"nsid":"32145601@N05","username":"skyhawkpc","realname":"G.
        Verver","location":"USA","iconserver":"1693","iconfarm":2,"path_alias":"skyhawkpc"},"title":{"_content":"Vans
        RV-8 N76540"},"description":{"_content":"Joe Shetterly's Vans RV-8 s\/n 80733,
        N76540, Telluride Festival of Cars and Colors airshow, Telluride airport,
        28 September 2019."},"visibility":{"ispublic":1,"isfriend":0,"isfamily":0},"dates":{"posted":"1572996639","taken":"2019-09-28
        21:37:43","takengranularity":"0","takenunknown":"0","lastupdate":"1572996644"},"views":"0","editability":{"cancomment":0,"canaddmeta":0},"publiceditability":{"cancomment":1,"canaddmeta":0},"usage":{"candownload":0,"canblog":0,"canprint":0,"canshare":1},"comments":{"_content":"0"},"notes":{"note":[]},"people":{"haspeople":0},"tags":{"tag":[{"id":"32140261-49021379357-453010","author":"32145601@N05","authorname":"skyhawkpc","raw":"2019","_content":"2019","machine_tag":false},{"id":"32140261-49021379357-21120","author":"32145601@N05","authorname":"skyhawkpc","raw":"Telluride","_content":"telluride","machine_tag":false},{"id":"32140261-49021379357-3157","author":"32145601@N05","authorname":"skyhawkpc","raw":"Colorado","_content":"colorado","machine_tag":false},{"id":"32140261-49021379357-17235","author":"32145601@N05","authorname":"skyhawkpc","raw":"CO","_content":"co","machine_tag":false},{"id":"32140261-49021379357-80327","author":"32145601@N05","authorname":"skyhawkpc","raw":"All
        Rights Reserved","_content":"allrightsreserved","machine_tag":false},{"id":"32140261-49021379357-67131196","author":"32145601@N05","authorname":"skyhawkpc","raw":"Gary
        Verver","_content":"garyverver","machine_tag":false},{"id":"32140261-49021379357-77442028","author":"32145601@N05","authorname":"skyhawkpc","raw":"Cars
        and Colors","_content":"carsandcolors","machine_tag":false},{"id":"32140261-49021379357-11476","author":"32145601@N05","authorname":"skyhawkpc","raw":"TEX","_content":"tex","machine_tag":false},{"id":"32140261-49021379357-5052318","author":"32145601@N05","authorname":"skyhawkpc","raw":"KTEX","_content":"ktex","machine_tag":false},{"id":"32140261-49021379357-20778","author":"32145601@N05","authorname":"skyhawkpc","raw":"Vans","_content":"vans","machine_tag":false},{"id":"32140261-49021379357-328135","author":"32145601@N05","authorname":"skyhawkpc","raw":"RV-8","_content":"rv8","machine_tag":false},{"id":"32140261-49021379357-9082696","author":"32145601@N05","authorname":"skyhawkpc","raw":"80733","_content":"80733","machine_tag":false},{"id":"32140261-49021379357-208342244","author":"32145601@N05","authorname":"skyhawkpc","raw":"N76540","_content":"n76540","machine_tag":false},{"id":"32140261-49021379357-11686","author":"32145601@N05","authorname":"skyhawkpc","raw":"airshow","_content":"airshow","machine_tag":false},{"id":"32140261-49021379357-124177","author":"32145601@N05","authorname":"skyhawkpc","raw":"aerobatic","_content":"aerobatic","machine_tag":false},{"id":"32140261-49021379357-5867","author":"32145601@N05","authorname":"skyhawkpc","raw":"aviation","_content":"aviation","machine_tag":false},{"id":"32140261-49021379357-1649","author":"32145601@N05","authorname":"skyhawkpc","raw":"airplane","_content":"airplane","machine_tag":false},{"id":"32140261-49021379357-5854","author":"32145601@N05","authorname":"skyhawkpc","raw":"aircraft","_content":"aircraft","machine_tag":false}]},"urls":{"url":[{"type":"photopage","_content":"https:\/\/www.flickr.com\/photos\/skyhawkpc\/49021379357\/"}]},"media":"photo"},"stat":"ok"})
    http_version: 
  recorded_at: Wed, 06 Nov 2019 00:03:45 GMT
- request:
    method: get
    uri: https://api.flickr.com/services/rest/?api_key=a7ab1a4164e9792dec1c1add83f76007&format=json&method=flickr.photos.getInfo&photo_id=49020545298
    body:
      encoding: US-ASCII
      string: ''
    headers:
      User-Agent:
      - Faraday v0.17.0
      Accept-Encoding:
      - gzip;q=1.0,deflate;q=0.6,identity;q=0.3
      Accept:
      - "*/*"
  response:
    status:
      code: 200
      message: OK
    headers:
      Content-Type:
      - text/javascript; charset=utf-8
      Transfer-Encoding:
      - chunked
      Connection:
      - keep-alive
      Vary:
      - Accept-Encoding
      Date:
      - Wed, 06 Nov 2019 00:03:45 GMT
      Server:
      - Apache/2.4.41 (Ubuntu)
      X-Content-Type-Options:
      - nosniff
      X-Frame-Options:
      - SAMEORIGIN
      X-Cache:
      - Miss from cloudfront
      Via:
      - 1.1 0f653303bc95b26f01daff2926667902.cloudfront.net (CloudFront)
      X-Amz-Cf-Pop:
      - DEN50-C2
      X-Amz-Cf-Id:
      - d87HGfkpay82VthVYTxj68LNc1AQ2aq1YPXmWuQONCmf_CTQoEStjg==
    body:
      encoding: ASCII-8BIT
      string: jsonFlickrApi({"photo":{"id":"49020545298","secret":"28b2e8392a","server":"65535","farm":66,"dateuploaded":"1572994585","isfavorite":0,"license":"0","safety_level":"0","rotation":0,"owner":{"nsid":"32145601@N05","username":"skyhawkpc","realname":"G.
        Verver","location":"USA","iconserver":"1693","iconfarm":2,"path_alias":"skyhawkpc"},"title":{"_content":"1967
        Shelby Mustang GT 500"},"description":{"_content":"1967 Ford Shelby Mustang
        GT 500, Hangar 29 Event, Telluride Airport, Telluride Festival of Cars and
        Colors, 28 September 2019."},"visibility":{"ispublic":1,"isfriend":0,"isfamily":0},"dates":{"posted":"1572994585","taken":"2019-09-27
        02:31:37","takengranularity":"0","takenunknown":"0","lastupdate":"1572994589"},"views":"7","editability":{"cancomment":0,"canaddmeta":0},"publiceditability":{"cancomment":1,"canaddmeta":0},"usage":{"candownload":0,"canblog":0,"canprint":0,"canshare":1},"comments":{"_content":"0"},"notes":{"note":[]},"people":{"haspeople":0},"tags":{"tag":[{"id":"32140261-49020545298-453010","author":"32145601@N05","authorname":"skyhawkpc","raw":"2019","_content":"2019","machine_tag":false},{"id":"32140261-49020545298-21120","author":"32145601@N05","authorname":"skyhawkpc","raw":"Telluride","_content":"telluride","machine_tag":false},{"id":"32140261-49020545298-3157","author":"32145601@N05","authorname":"skyhawkpc","raw":"Colorado","_content":"colorado","machine_tag":false},{"id":"32140261-49020545298-17235","author":"32145601@N05","authorname":"skyhawkpc","raw":"CO","_content":"co","machine_tag":false},{"id":"32140261-49020545298-80327","author":"32145601@N05","authorname":"skyhawkpc","raw":"All
        Rights Reserved","_content":"allrightsreserved","machine_tag":false},{"id":"32140261-49020545298-67131196","author":"32145601@N05","authorname":"skyhawkpc","raw":"Gary
        Verver","_content":"garyverver","machine_tag":false},{"id":"32140261-49020545298-77442028","author":"32145601@N05","authorname":"skyhawkpc","raw":"Cars
        and Colors","_content":"carsandcolors","machine_tag":false},{"id":"32140261-49020545298-11476","author":"32145601@N05","authorname":"skyhawkpc","raw":"TEX","_content":"tex","machine_tag":false},{"id":"32140261-49020545298-5052318","author":"32145601@N05","authorname":"skyhawkpc","raw":"KTEX","_content":"ktex","machine_tag":false},{"id":"32140261-49020545298-624","author":"32145601@N05","authorname":"skyhawkpc","raw":"Ford","_content":"ford","machine_tag":false},{"id":"32140261-49020545298-17477","author":"32145601@N05","authorname":"skyhawkpc","raw":"Shelby","_content":"shelby","machine_tag":false},{"id":"32140261-49020545298-25092","author":"32145601@N05","authorname":"skyhawkpc","raw":"Mustang","_content":"mustang","machine_tag":false},{"id":"32140261-49020545298-325260","author":"32145601@N05","authorname":"skyhawkpc","raw":"GT
        500","_content":"gt500","machine_tag":false}]},"urls":{"url":[{"type":"photopage","_content":"https:\/\/www.flickr.com\/photos\/skyhawkpc\/49020545298\/"}]},"media":"photo"},"stat":"ok"})
    http_version: 
  recorded_at: Wed, 06 Nov 2019 00:03:45 GMT
- request:
    method: get
    uri: https://api.flickr.com/services/rest/?api_key=a7ab1a4164e9792dec1c1add83f76007&format=json&method=flickr.photos.getInfo&photo_id=49020402523
    body:
      encoding: US-ASCII
      string: ''
    headers:
      User-Agent:
      - Faraday v0.17.0
      Accept-Encoding:
      - gzip;q=1.0,deflate;q=0.6,identity;q=0.3
      Accept:
      - "*/*"
  response:
    status:
      code: 200
      message: OK
    headers:
      Content-Type:
      - text/javascript; charset=utf-8
      Transfer-Encoding:
      - chunked
      Connection:
      - keep-alive
      Date:
      - Wed, 06 Nov 2019 00:03:45 GMT
      Server:
      - Apache/2.4.41 (Ubuntu)
      X-Content-Type-Options:
      - nosniff
      X-Frame-Options:
      - SAMEORIGIN
      X-Cache:
      - Miss from cloudfront
      Via:
      - 1.1 3264203c671c919daf7b560027a8e363.cloudfront.net (CloudFront)
      X-Amz-Cf-Pop:
      - DEN50-C1
      X-Amz-Cf-Id:
      - ujyY6BGydAF_0I7NcnuU6VvAOPE8BkZl0oelRpsjMCElXQXK57IweA==
    body:
      encoding: UTF-8
      string: jsonFlickrApi({"photo":{"id":"49020402523","secret":"9da11690f3","server":"65535","farm":66,"dateuploaded":"1572992645","isfavorite":0,"license":"0","safety_level":"0","rotation":0,"originalsecret":"9b797bc9a3","originalformat":"jpg","owner":{"nsid":"83067426@N02","username":"Le
        Photiste","realname":"Clay","location":"The Netherlands","iconserver":"8425","iconfarm":9,"path_alias":"photiste"},"title":{"_content":"Oldsmobile
        Club Coup\u00e9* 1949 (0162)"},"description":{"_content":"1949 Oldsmobile
        Futuramic Series 76 Model 3507 Club Sedan Hydro-Matic Drive (Fisher body)\n\n-
        *don't let it fool you by the &quot;88&quot; on the tailgate and rear fender\n-
        it is registered as a &quot;76&quot; with a 119.5 inch wheelbase\n- a '49
        &quot;88&quot; has a 125 inch wheelbase\n\nDear FLICKR friends, \n\nOur sad
        circumstances currently force me to take a big step back on FLICKR :-(\nI
        will try at least to post one photo and replies on my pictures per day :-)\nI'm
        terribly sorry I don't have time to post comments on someone else's photos
        :-(\nWe get over our problems, but it will take more time and effort as thought,
        unfortunately.\nI want to thank you all for your support, in whatever way
        \u263a\u263a! It certainly helps us \u263a\u263a!\nBut despite everything,
        but very important, ENJOY my friend(s) \u266b\u266a\nGr. Clay"},"visibility":{"ispublic":1,"isfriend":0,"isfamily":0},"dates":{"posted":"1572992645","taken":"2019-09-01
        14:32:45","takengranularity":"0","takenunknown":"0","lastupdate":"1572998495"},"views":"23","editability":{"cancomment":0,"canaddmeta":0},"publiceditability":{"cancomment":1,"canaddmeta":0},"usage":{"candownload":1,"canblog":0,"canprint":0,"canshare":1},"comments":{"_content":"0"},"notes":{"note":[]},"people":{"haspeople":0},"tags":{"tag":[{"id":"83047078-49020402523-13572","author":"83067426@N02","authorname":"Le
        Photiste","raw":"Clay","_content":"clay","machine_tag":0},{"id":"83047078-49020402523-255938768","author":"83067426@N02","authorname":"Le
        Photiste","raw":"Oldsmobile Division of General Motors Corp. (GM), Lansing,
        Michigan - USA","_content":"oldsmobiledivisionofgeneralmotorscorpgmlansingmichiganusa","machine_tag":0},{"id":"83047078-49020402523-487820672","author":"83067426@N02","authorname":"Le
        Photiste","raw":"Oldsmobile Club Coup\u00e9","_content":"oldsmobileclubcoup\u00e9","machine_tag":0},{"id":"83047078-49020402523-17235","author":"83067426@N02","authorname":"Le
        Photiste","raw":"CO","_content":"co","machine_tag":0},{"id":"83047078-49020402523-67230","author":"83067426@N02","authorname":"Le
        Photiste","raw":"1949","_content":"1949","machine_tag":0},{"id":"83047078-49020402523-489522426","author":"83067426@N02","authorname":"Le
        Photiste","raw":"Oldsmobile Futuramic Series 76 Model 3527 Club Coup\u00e9
        Hydro-Matic Drive (Fisher body)","_content":"oldsmobilefuturamicseries76model3527clubcoup\u00e9hydromaticdrivefisherbody","machine_tag":0},{"id":"83047078-49020402523-1773653","author":"83067426@N02","authorname":"Le
        Photiste","raw":"American Luxury Car","_content":"americanluxurycar","machine_tag":0},{"id":"83047078-49020402523-16973604","author":"83067426@N02","authorname":"Le
        Photiste","raw":"Odd Vehicle","_content":"oddvehicle","machine_tag":0},{"id":"83047078-49020402523-69782476","author":"83067426@N02","authorname":"Le
        Photiste","raw":"Odd Transport","_content":"oddtransport","machine_tag":0},{"id":"83047078-49020402523-6235205","author":"83067426@N02","authorname":"Le
        Photiste","raw":"Rare Vehicle","_content":"rarevehicle","machine_tag":0},{"id":"83047078-49020402523-151957","author":"83067426@N02","authorname":"Le
        Photiste","raw":"RUSTY and CRUSTY","_content":"rustyandcrusty","machine_tag":0},{"id":"83047078-49020402523-9936475","author":"83067426@N02","authorname":"Le
        Photiste","raw":"Most Relevant","_content":"mostrelevant","machine_tag":0},{"id":"83047078-49020402523-17748","author":"83067426@N02","authorname":"Le
        Photiste","raw":"Most Interesting","_content":"mostinteresting","machine_tag":0},{"id":"83047078-49020402523-3126","author":"83067426@N02","authorname":"Le
        Photiste","raw":"PERFECT","_content":"perfect","machine_tag":0},{"id":"83047078-49020402523-3063913","author":"83067426@N02","authorname":"Le
        Photiste","raw":"Perfect View","_content":"perfectview","machine_tag":0},{"id":"83047078-49020402523-876","author":"83067426@N02","authorname":"Le
        Photiste","raw":"BEAUTIFUL","_content":"beautiful","machine_tag":0},{"id":"83047078-49020402523-483688498","author":"83067426@N02","authorname":"Le
        Photiste","raw":"Roden - The Netherlands","_content":"rodenthenetherlands","machine_tag":0},{"id":"83047078-49020402523-21080783","author":"83067426@N02","authorname":"Le
        Photiste","raw":"A Feast For My Eyes","_content":"afeastformyeyes","machine_tag":0},{"id":"83047078-49020402523-81252791","author":"83067426@N02","authorname":"Le
        Photiste","raw":"A Photographers View","_content":"aphotographersview","machine_tag":0},{"id":"83047078-49020402523-255032","author":"83067426@N02","authorname":"Le
        Photiste","raw":"Auto_Focus","_content":"autofocus","machine_tag":0},{"id":"83047078-49020402523-15109261","author":"83067426@N02","authorname":"Le
        Photiste","raw":"Artistic Impressions","_content":"artisticimpressions","machine_tag":0},{"id":"83047078-49020402523-23202736","author":"83067426@N02","authorname":"Le
        Photiste","raw":"All Types Of Transport","_content":"alltypesoftransport","machine_tag":0},{"id":"83047078-49020402523-16776580","author":"83067426@N02","authorname":"Le
        Photiste","raw":"ANTICANDO","_content":"anticando","machine_tag":0},{"id":"83047078-49020402523-55047743","author":"83067426@N02","authorname":"Le
        Photiste","raw":"Blink Again","_content":"blinkagain","machine_tag":0},{"id":"83047078-49020402523-4082329","author":"83067426@N02","authorname":"Le
        Photiste","raw":"Beautiful Capture","_content":"beautifulcapture","machine_tag":0},{"id":"83047078-49020402523-228845711","author":"83067426@N02","authorname":"Le
        Photiste","raw":"BEST PEOPLE\u2019S CHOICE","_content":"bestpeople\u2019schoice","machine_tag":0},{"id":"83047078-49020402523-106338466","author":"83067426@N02","authorname":"Le
        Photiste","raw":"Blood, Sweat and Gear","_content":"bloodsweatandgear","machine_tag":0},{"id":"83047078-49020402523-2006751","author":"83067426@N02","authorname":"Le
        Photiste","raw":"GEARHEADS","_content":"gearheads","machine_tag":0},{"id":"83047078-49020402523-104464292","author":"83067426@N02","authorname":"Le
        Photiste","raw":"Creative Impuls","_content":"creativeimpuls","machine_tag":0},{"id":"83047078-49020402523-110581919","author":"83067426@N02","authorname":"Le
        Photiste","raw":"CAZADORES DE IM\u00c1GENES","_content":"cazadoresdeim\u00e1genes","machine_tag":0},{"id":"83047078-49020402523-3158040","author":"83067426@N02","authorname":"Le
        Photiste","raw":"Cars Cars Cars","_content":"carscarscars","machine_tag":0},{"id":"83047078-49020402523-67066909","author":"83067426@N02","authorname":"Le
        Photiste","raw":"CanonFlickrAward","_content":"canonflickraward","machine_tag":0},{"id":"83047078-49020402523-19356737","author":"83067426@N02","authorname":"Le
        Photiste","raw":"Digifoto Pro","_content":"digifotopro","machine_tag":0},{"id":"83047078-49020402523-14248276","author":"83067426@N02","authorname":"Le
        Photiste","raw":"Damn Cool Photographers","_content":"damncoolphotographers","machine_tag":0},{"id":"83047078-49020402523-2159518","author":"83067426@N02","authorname":"Le
        Photiste","raw":"Digital Creations","_content":"digitalcreations","machine_tag":0},{"id":"83047078-49020402523-226240967","author":"83067426@N02","authorname":"Le
        Photiste","raw":"Django\u2019s Master","_content":"django\u2019smaster","machine_tag":0},{"id":"83047078-49020402523-513162","author":"83067426@N02","authorname":"Le
        Photiste","raw":"FRIENDS FOREVER","_content":"friendsforever","machine_tag":0},{"id":"83047078-49020402523-1056725","author":"83067426@N02","authorname":"Le
        Photiste","raw":"Fine Gold","_content":"finegold","machine_tag":0},{"id":"83047078-49020402523-177605","author":"83067426@N02","authorname":"Le
        Photiste","raw":"FAIR PLAY","_content":"fairplay","machine_tag":0},{"id":"83047078-49020402523-76693502","author":"83067426@N02","authorname":"Le
        Photiste","raw":"Fan de Voitures","_content":"fandevoitures","machine_tag":0},{"id":"83047078-49020402523-1293733","author":"83067426@N02","authorname":"Le
        Photiste","raw":"GREATPHOTOGRAPHERS","_content":"greatphotographers","machine_tag":0},{"id":"83047078-49020402523-325969806","author":"83067426@N02","authorname":"Le
        Photiste","raw":"Groupe Charlie","_content":"groupecharlie","machine_tag":0},{"id":"83047078-49020402523-372687","author":"83067426@N02","authorname":"Le
        Photiste","raw":"Ineffable","_content":"ineffable","machine_tag":0},{"id":"83047078-49020402523-199345105","author":"83067426@N02","authorname":"Le
        Photiste","raw":"INFINITEXPOSURE","_content":"infinitexposure","machine_tag":0},{"id":"83047078-49020402523-25555296","author":"83067426@N02","authorname":"Le
        Photiste","raw":"IQ - Image Quality","_content":"iqimagequality","machine_tag":0},{"id":"83047078-49020402523-2718","author":"83067426@N02","authorname":"Le
        Photiste","raw":"Interesting","_content":"interesting","machine_tag":0},{"id":"83047078-49020402523-2336212","author":"83067426@N02","authorname":"Le
        Photiste","raw":"In My Eyes","_content":"inmyeyes","machine_tag":0},{"id":"83047078-49020402523-122034097","author":"83067426@N02","authorname":"Le
        Photiste","raw":"Living with Multiple Sclerosis (MS)","_content":"livingwithmultiplesclerosisms","machine_tag":0},{"id":"83047078-49020402523-39530296","author":"83067426@N02","authorname":"Le
        Photiste","raw":"LOVELY FLICKR","_content":"lovelyflickr","machine_tag":0},{"id":"83047078-49020402523-14436354","author":"83067426@N02","authorname":"Le
        Photiste","raw":"My Friends Pictures","_content":"myfriendspictures","machine_tag":0},{"id":"83047078-49020402523-103544505","author":"83067426@N02","authorname":"Le
        Photiste","raw":"Masters Of Creative Photography","_content":"mastersofcreativephotography","machine_tag":0},{"id":"83047078-49020402523-81941841","author":"83067426@N02","authorname":"Le
        Photiste","raw":"Nice As It Gets","_content":"niceasitgets","machine_tag":0},{"id":"83047078-49020402523-8046","author":"83067426@N02","authorname":"Le
        Photiste","raw":"PHOTOGRAPHERS","_content":"photographers","machine_tag":0},{"id":"83047078-49020402523-465990","author":"83067426@N02","authorname":"Le
        Photiste","raw":"PRO PHOTO","_content":"prophoto","machine_tag":0},{"id":"83047078-49020402523-75935591","author":"83067426@N02","authorname":"Le
        Photiste","raw":"Photographic World","_content":"photographicworld","machine_tag":0},{"id":"83047078-49020402523-103181341","author":"83067426@N02","authorname":"Le
        Photiste","raw":"Planet Earth Back In The Day","_content":"planetearthbackintheday","machine_tag":0},{"id":"83047078-49020402523-105614989","author":"83067426@N02","authorname":"Le
        Photiste","raw":"Planet Earth Transport","_content":"planetearthtransport","machine_tag":0},{"id":"83047078-49020402523-330737","author":"83067426@N02","authorname":"Le
        Photiste","raw":"PhotoMix","_content":"photomix","machine_tag":0},{"id":"83047078-49020402523-49780","author":"83067426@N02","authorname":"Le
        Photiste","raw":"SOE","_content":"soe","machine_tag":0},{"id":"83047078-49020402523-15147465","author":"83067426@N02","authorname":"Le
        Photiste","raw":"SIMPLY SUPERB","_content":"simplysuperb","machine_tag":0},{"id":"83047078-49020402523-102997546","author":"83067426@N02","authorname":"Le
        Photiste","raw":"ShowCase images","_content":"showcaseimages","machine_tag":0},{"id":"83047078-49020402523-2831195","author":"83067426@N02","authorname":"Le
        Photiste","raw":"SLOW RIDE","_content":"slowride","machine_tag":0},{"id":"83047078-49020402523-1039281","author":"83067426@N02","authorname":"Le
        Photiste","raw":"Simply The Best","_content":"simplythebest","machine_tag":0},{"id":"83047078-49020402523-24277449","author":"83067426@N02","authorname":"Le
        Photiste","raw":"Simply Because","_content":"simplybecause","machine_tag":0},{"id":"83047078-49020402523-17785985","author":"83067426@N02","authorname":"Le
        Photiste","raw":"The Best Shot","_content":"thebestshot","machine_tag":0},{"id":"83047078-49020402523-81521297","author":"83067426@N02","authorname":"Le
        Photiste","raw":"The Pit Stop Shop","_content":"thepitstopshop","machine_tag":0},{"id":"83047078-49020402523-69591101","author":"83067426@N02","authorname":"Le
        Photiste","raw":"The Red Group","_content":"theredgroup","machine_tag":0},{"id":"83047078-49020402523-84886337","author":"83067426@N02","authorname":"Le
        Photiste","raw":"THE LOOK Level 1 RED","_content":"thelooklevel1red","machine_tag":0},{"id":"83047078-49020402523-1650202","author":"83067426@N02","authorname":"Le
        Photiste","raw":"The Machines","_content":"themachines","machine_tag":0},{"id":"83047078-49020402523-74713325","author":"83067426@N02","authorname":"Le
        Photiste","raw":"Transport Of All Kinds","_content":"transportofallkinds","machine_tag":0},{"id":"83047078-49020402523-41064168","author":"83067426@N02","authorname":"Le
        Photiste","raw":"VIVID & STRIKING","_content":"vividstriking","machine_tag":0},{"id":"83047078-49020402523-1405","author":"83067426@N02","authorname":"Le
        Photiste","raw":"WOW","_content":"wow","machine_tag":0},{"id":"83047078-49020402523-108522642","author":"83067426@N02","authorname":"Le
        Photiste","raw":"Wheels-Anything That Rolls","_content":"wheelsanythingthatrolls","machine_tag":0},{"id":"83047078-49020402523-27977535","author":"83067426@N02","authorname":"Le
        Photiste","raw":"Your Best Of Today","_content":"yourbestoftoday","machine_tag":0}]},"location":{"latitude":"53.141799","longitude":"6.432902","accuracy":"16","context":"0","locality":{"_content":"Roden"},"county":{"_content":"Gemeente
        Noordenveld"},"region":{"_content":"Provincie Drenthe"},"country":{"_content":"Holland"},"neighbourhood":{"_content":""}},"geoperms":{"ispublic":1,"iscontact":0,"isfriend":0,"isfamily":0},"urls":{"url":[{"type":"photopage","_content":"https:\/\/www.flickr.com\/photos\/photiste\/49020402523\/"}]},"media":"photo"},"stat":"ok"})
    http_version: 
  recorded_at: Wed, 06 Nov 2019 00:03:45 GMT
- request:
    method: get
    uri: https://api.flickr.com/services/rest/?api_key=a7ab1a4164e9792dec1c1add83f76007&format=json&method=flickr.photos.getInfo&photo_id=49019649576
    body:
      encoding: US-ASCII
      string: ''
    headers:
      User-Agent:
      - Faraday v0.17.0
      Accept-Encoding:
      - gzip;q=1.0,deflate;q=0.6,identity;q=0.3
      Accept:
      - "*/*"
  response:
    status:
      code: 200
      message: OK
    headers:
      Content-Type:
      - text/javascript; charset=utf-8
      Transfer-Encoding:
      - chunked
      Connection:
      - keep-alive
      Vary:
      - Accept-Encoding
      Date:
      - Wed, 06 Nov 2019 00:03:46 GMT
      Server:
      - Apache/2.4.41 (Ubuntu)
      X-Content-Type-Options:
      - nosniff
      X-Frame-Options:
      - SAMEORIGIN
      X-Cache:
      - Miss from cloudfront
      Via:
      - 1.1 94302df9990bc95bcddeb66c4a58718c.cloudfront.net (CloudFront)
      X-Amz-Cf-Pop:
      - DEN50-C1
      X-Amz-Cf-Id:
      - ZypVE-QQaWaxjK3QDAQVD3VTTfFQQp1tl-3vet-ENLE-WxluqtWzfg==
    body:
      encoding: ASCII-8BIT
      string: jsonFlickrApi({"photo":{"id":"49019649576","secret":"18152dc1cc","server":"65535","farm":66,"dateuploaded":"1572976715","isfavorite":0,"license":"0","safety_level":"0","rotation":0,"owner":{"nsid":"75372896@N00","username":"nolehace","realname":"nolehace","location":"san
        francisco, usa","iconserver":"171","iconfarm":1,"path_alias":"nolehace_photography"},"title":{"_content":"Cymbidium
        Unknown [c\/o Karen] hybrid orchid 10-19"},"description":{"_content":""},"visibility":{"ispublic":1,"isfriend":0,"isfamily":0},"dates":{"posted":"1572976715","taken":"2019-10-24
        14:29:33","takengranularity":"0","takenunknown":"0","lastupdate":"1572998133"},"views":"39","editability":{"cancomment":0,"canaddmeta":0},"publiceditability":{"cancomment":1,"canaddmeta":0},"usage":{"candownload":0,"canblog":0,"canprint":0,"canshare":0},"comments":{"_content":"0"},"notes":{"note":[]},"people":{"haspeople":0},"tags":{"tag":[{"id":"2032925-49019649576-150519","author":"75372896@N00","authorname":"nolehace","raw":"Cymbidium","_content":"cymbidium","machine_tag":0},{"id":"2032925-49019649576-17281","author":"75372896@N00","authorname":"nolehace","raw":"Unknown","_content":"unknown","machine_tag":0},{"id":"2032925-49019649576-17235","author":"75372896@N00","authorname":"nolehace","raw":"c\/o","_content":"co","machine_tag":0},{"id":"2032925-49019649576-9863","author":"75372896@N00","authorname":"nolehace","raw":"Karen","_content":"karen","machine_tag":0},{"id":"2032925-49019649576-32212","author":"75372896@N00","authorname":"nolehace","raw":"hybrid","_content":"hybrid","machine_tag":0},{"id":"2032925-49019649576-534","author":"75372896@N00","authorname":"nolehace","raw":"orchid","_content":"orchid","machine_tag":0},{"id":"2032925-49019649576-110333","author":"75372896@N00","authorname":"nolehace","raw":"10-19","_content":"1019","machine_tag":0},{"id":"2032925-49019649576-613","author":"75372896@N00","authorname":"nolehace","raw":"fall","_content":"fall","machine_tag":0},{"id":"2032925-49019649576-9686433","author":"75372896@N00","authorname":"nolehace","raw":"nolehace","_content":"nolehace","machine_tag":0},{"id":"2032925-49019649576-46","author":"75372896@N00","authorname":"nolehace","raw":"san
        francisco","_content":"sanfrancisco","machine_tag":0},{"id":"2032925-49019649576-67946502","author":"75372896@N00","authorname":"nolehace","raw":"fz1000","_content":"fz1000","machine_tag":0},{"id":"2032925-49019649576-535","author":"75372896@N00","authorname":"nolehace","raw":"flower","_content":"flower","machine_tag":0},{"id":"2032925-49019649576-17879","author":"75372896@N00","authorname":"nolehace","raw":"bloom","_content":"bloom","machine_tag":0},{"id":"2032925-49019649576-417","author":"75372896@N00","authorname":"nolehace","raw":"plant","_content":"plant","machine_tag":0}]},"urls":{"url":[{"type":"photopage","_content":"https:\/\/www.flickr.com\/photos\/nolehace_photography\/49019649576\/"}]},"media":"photo"},"stat":"ok"})
    http_version: 
  recorded_at: Wed, 06 Nov 2019 00:03:46 GMT
- request:
    method: get
    uri: https://api.flickr.com/services/rest/?api_key=a7ab1a4164e9792dec1c1add83f76007&format=json&method=flickr.photos.getInfo&photo_id=49019457281
    body:
      encoding: US-ASCII
      string: ''
    headers:
      User-Agent:
      - Faraday v0.17.0
      Accept-Encoding:
      - gzip;q=1.0,deflate;q=0.6,identity;q=0.3
      Accept:
      - "*/*"
  response:
    status:
      code: 200
      message: OK
    headers:
      Content-Type:
      - text/javascript; charset=utf-8
      Transfer-Encoding:
      - chunked
      Connection:
      - keep-alive
      Vary:
      - Accept-Encoding
      Date:
      - Wed, 06 Nov 2019 00:03:46 GMT
      Server:
      - Apache/2.4.41 (Ubuntu)
      X-Content-Type-Options:
      - nosniff
      X-Frame-Options:
      - SAMEORIGIN
      X-Cache:
      - Miss from cloudfront
      Via:
      - 1.1 db88a4a8e4f93b9bfeab5462f253c306.cloudfront.net (CloudFront)
      X-Amz-Cf-Pop:
      - DEN50-C1
      X-Amz-Cf-Id:
      - "-YnWYKnlZ3ilEealwcSHdeLh-k9vF6qjr4PPd6MMmBPyXWiqcpaRdw=="
    body:
      encoding: ASCII-8BIT
      string: jsonFlickrApi({"photo":{"id":"49019457281","secret":"4d0e6275cf","server":"65535","farm":66,"dateuploaded":"1572972765","isfavorite":0,"license":"0","safety_level":"0","rotation":0,"owner":{"nsid":"33215734@N04","username":"Chase
        Hoffman","realname":"Chase Hoffman","location":"USA","iconserver":"7806","iconfarm":8,"path_alias":"cnhoffman"},"title":{"_content":"New
        York Sour"},"description":{"_content":"This is the New York Sour, a classic
        pre-Prohibition cocktail. The origins for this cocktail are difficult to nail
        down. I've read references that this may have been invented in Chicago in
        the 1880's as the Chicago Sour. It's also gone by other names like the Continental
        Sour, Souther Whiskey Sour, Brunswick Sour or even the Greenwich Sour. Whoever
        and wherever it was invented, the name &quot;New York Sour&quot; clearly stuck.
        This cocktail is fairly simple in concept, a whiskey sour with a float of
        &quot;Claret&quot;, an old british term for Bordeaux red wines. Claret is
        term we don't really use much anymore, but it certainly what you would find
        in older cocktail books that feature this cocktail.\n\nThe fascinating part
        about this cocktail is how much that red wine float changes the whole vibe
        of the drink. The vinous-ness of the wine sync up in an unexpected way with
        the rye. The combination of the spice character from the rye whiskey and dark
        fruit make this such a perfect fall cocktail.\n\n2 oz rye whiskey\n1 oz fresh
        lemon juice\n0.75 oz simple syrup\n1 small egg white\n1 oz dry red wine (like
        a Malbec)\n\nCombine the whiskey, lemon juice, simple syrup, and egg white
        into a shaker tin. Add one small ice cube and dry shake until the ice is completely
        melted and the drinks sounds frothy. Add a small scoop of ice or one large
        ice cube and shake again until very cold. Double-strain into a chilled rocks
        glass over a large ice cube. Gently pour the red wine over the back of spoon
        just above the surface of the drink to float it.\n\n\u00a9 <a href=\"http:\/\/chasehoffman.com\/\"
        rel=\"noreferrer nofollow\">Chase Hoffman Photography<\/a>. All rights reserved."},"visibility":{"ispublic":1,"isfriend":0,"isfamily":0},"dates":{"posted":"1572972765","taken":"2019-10-20
        14:47:48","takengranularity":"0","takenunknown":"0","lastupdate":"1572975328"},"views":"51","editability":{"cancomment":0,"canaddmeta":0},"publiceditability":{"cancomment":1,"canaddmeta":0},"usage":{"candownload":0,"canblog":0,"canprint":0,"canshare":1},"comments":{"_content":"0"},"notes":{"note":[]},"people":{"haspeople":0},"tags":{"tag":[{"id":"33183595-49019457281-1966","author":"33215734@N04","authorname":"Chase
        Hoffman","raw":"eos","_content":"eos","machine_tag":0},{"id":"33183595-49019457281-9669","author":"33215734@N04","authorname":"Chase
        Hoffman","raw":"denver","_content":"denver","machine_tag":0},{"id":"33183595-49019457281-3157","author":"33215734@N04","authorname":"Chase
        Hoffman","raw":"colorado","_content":"colorado","machine_tag":0},{"id":"33183595-49019457281-544","author":"33215734@N04","authorname":"Chase
        Hoffman","raw":"color","_content":"color","machine_tag":0},{"id":"33183595-49019457281-44266482","author":"33215734@N04","authorname":"Chase
        Hoffman","raw":"chasehoffmanphotography","_content":"chasehoffmanphotography","machine_tag":0},{"id":"33183595-49019457281-8463707","author":"33215734@N04","authorname":"Chase
        Hoffman","raw":"chasehoffman","_content":"chasehoffman","machine_tag":0},{"id":"33183595-49019457281-1382","author":"33215734@N04","authorname":"Chase
        Hoffman","raw":"canon","_content":"canon","machine_tag":0},{"id":"33183595-49019457281-45144221","author":"33215734@N04","authorname":"Chase
        Hoffman","raw":"5dmarkiv","_content":"5dmarkiv","machine_tag":0},{"id":"33183595-49019457281-47440679","author":"33215734@N04","authorname":"Chase
        Hoffman","raw":"5dmkiv","_content":"5dmkiv","machine_tag":0},{"id":"33183595-49019457281-70438863","author":"33215734@N04","authorname":"Chase
        Hoffman","raw":"canoneos5dmarkiv","_content":"canoneos5dmarkiv","machine_tag":0},{"id":"33183595-49019457281-338","author":"33215734@N04","authorname":"Chase
        Hoffman","raw":"food","_content":"food","machine_tag":0},{"id":"33183595-49019457281-215059606","author":"33215734@N04","authorname":"Chase
        Hoffman","raw":"Sigma 50mm f\/1.4 DG HSM Art","_content":"sigma50mmf14dghsmart","machine_tag":0},{"id":"33183595-49019457281-23074","author":"33215734@N04","authorname":"Chase
        Hoffman","raw":"normal","_content":"normal","machine_tag":0},{"id":"33183595-49019457281-1986","author":"33215734@N04","authorname":"Chase
        Hoffman","raw":"50mm","_content":"50mm","machine_tag":0},{"id":"33183595-49019457281-12294","author":"33215734@N04","authorname":"Chase
        Hoffman","raw":"cocktail","_content":"cocktail","machine_tag":0},{"id":"33183595-49019457281-4598","author":"33215734@N04","authorname":"Chase
        Hoffman","raw":"drink","_content":"drink","machine_tag":0},{"id":"33183595-49019457281-8524","author":"33215734@N04","authorname":"Chase
        Hoffman","raw":"whiskey","_content":"whiskey","machine_tag":0},{"id":"33183595-49019457281-10590","author":"33215734@N04","authorname":"Chase
        Hoffman","raw":"rye","_content":"rye","machine_tag":0},{"id":"33183595-49019457281-1520573","author":"33215734@N04","authorname":"Chase
        Hoffman","raw":"ryewhiskey","_content":"ryewhiskey","machine_tag":0},{"id":"33183595-49019457281-27198","author":"33215734@N04","authorname":"Chase
        Hoffman","raw":"redwine","_content":"redwine","machine_tag":0},{"id":"33183595-49019457281-155932","author":"33215734@N04","authorname":"Chase
        Hoffman","raw":"malbec","_content":"malbec","machine_tag":0},{"id":"33183595-49019457281-136711","author":"33215734@N04","authorname":"Chase
        Hoffman","raw":"claret","_content":"claret","machine_tag":0},{"id":"33183595-49019457281-318046","author":"33215734@N04","authorname":"Chase
        Hoffman","raw":"whiskeysour","_content":"whiskeysour","machine_tag":0},{"id":"33183595-49019457281-27932673","author":"33215734@N04","authorname":"Chase
        Hoffman","raw":"newyorksour","_content":"newyorksour","machine_tag":0}]},"urls":{"url":[{"type":"photopage","_content":"https:\/\/www.flickr.com\/photos\/cnhoffman\/49019457281\/"}]},"media":"photo"},"stat":"ok"})
    http_version: 
  recorded_at: Wed, 06 Nov 2019 00:03:46 GMT
recorded_with: VCR 5.0.0
